NAME              TABLE     DISPLAY NAME      STATUS   RETENTION DAYS   UPDATABLE 
default           logs      Default Logs      active   35               true        
custom-metrics    metrics   Custom Metrics    active   90               true        
security-events   logs      Security Events   active   365              false       
