[
  {
    "id": "aaaaaaaa-1111-2222-3333-444444444444",
    "name": "My Launchpad",
    "type": "launchpad",
    "owner": "user-a@example.invalid",
    "isPrivate": false,
    "version": 1,
    "modificationInfo": {
      "createdBy": "",
      "createdTime": "2025-03-15T10:30:00Z",
      "lastModifiedBy": "",
      "lastModifiedTime": "2025-03-15T11:30:00Z"
    }
  },
  {
    "id": "bbbbbbbb-2222-3333-4444-555555555555",
    "name": "App Config",
    "type": "my-app:config",
    "owner": "user-b@example.invalid",
    "isPrivate": true,
    "description": "Configuration for my custom app",
    "version": 2,
    "modificationInfo": {
      "createdBy": "",
      "createdTime": "2025-03-13T10:30:00Z",
      "lastModifiedBy": "",
      "lastModifiedTime": "2025-03-14T10:30:00Z"
    }
  },
  {
    "id": "cccccccc-3333-4444-5555-666666666666",
    "name": "Production Overview",
    "type": "dashboard",
    "owner": "user-c@example.invalid",
    "isPrivate": false,
    "version": 5,
    "modificationInfo": {
      "createdBy": "",
      "createdTime": "2025-03-12T10:30:00Z",
      "lastModifiedBy": "",
      "lastModifiedTime": "2025-03-15T08:30:00Z"
    }
  }
]
