ID                                     NAME                         TYPE        OWNER                                  PRIVATE   CREATED               DESCRIPTION                            VERSION   MODIFIED            
b1c2d3e4-f5a6-4b7c-8d9e-0f1a2b3c4d5e   Production Overview          dashboard   7a8b9c0d-1e2f-4a3b-8c4d-5e6f7a8b9c0d   false     2025-03-15 10:30:00   Main production monitoring dashboard   3         2025-03-15 12:30:00   
c2d3e4f5-a6b7-4c8d-9e0f-1a2b3c4d5e6f   Runbook: Incident Response   notebook    8b9c0d1e-2f3a-4b5c-6d7e-8f9a0b1c2d3e   true      2025-03-14 10:30:00                                          1         2025-03-14 22:30:00   
d3e4f5a6-b7c8-4d9e-0f1a-2b3c4d5e6f7a   Performance Dashboard        dashboard   9c0d1e2f-3a4b-5c6d-7e8f-9a0b1c2d3e4f   false     2025-03-12 10:30:00   Service performance metrics and SLOs   7         2025-03-15 09:30:00   
