ID           NAME                         TYPE        OWNER      PRIVATE   CREATED               VERSION 
doc-aaa111   Production Overview          dashboard   admin      false     2025-03-15 10:30:00   3         
doc-bbb222   Runbook: Incident Response   notebook    oncall     true      2025-03-14 10:30:00   1         
doc-ccc333   Performance Dashboard        dashboard   platform   false     2025-03-12 10:30:00   7         
