SCHEMA ID                       SUMMARY                    OBJECT ID SHORT 
builtin:alerting.profile        Default Alerting Profile   abc123            
builtin:problem.notifications   Email Notification         def456            
builtin:tags.auto-tagging       Environment Tag Rule       ghi789            
