SCHEMA ID                       SUMMARY                    OBJECT ID SHORT       
builtin:alerting.profile        Default Alerting Profile   vu9U3hXa3q0AAAABAB...   
builtin:problem.notifications   Email Notification         vu9U3hXa3q0AAAABAB...   
builtin:tags.auto-tagging       Environment Tag Rule       vu9U3hXa3q0AAAABAB...   
