OBJECT ID                                                                                                                            SCHEMA ID                       VERSION   SCOPE         SUMMARY                    OBJECT ID SHORT         UID                                    SCOPE TYPE   SCOPE ID 
vu9U3hXa3q0AAAABABhidWlsdGluOmFsZXJ0aW5nLnByb2ZpbGUABnRlbmFudAAGdGVuYW50ACRhMWIyYzNkNC1lNWY2LTRhN2ItOGM5ZC0wZTFmMmEzYjRjNWQ          builtin:alerting.profile        1.0.5     environment   Default Alerting Profile   vu9U3hXa3q0AAAABAB...   a1b2c3d4-e5f6-4a7b-8c9d-0e1f2a3b4c5d   tenant       tenant     
vu9U3hXa3q0AAAABABxidWlsdGluOnByb2JsZW0ubm90aWZpY2F0aW9ucwAGdGVuYW50AAZ0ZW5hbnQAJGIyYzNkNGU1LWY2YTctNGI4Yy05ZDBlLTFmMmEzYjRjNWQ2ZQ   builtin:problem.notifications   2.1.0     environment   Email Notification         vu9U3hXa3q0AAAABAB...   b2c3d4e5-f6a7-4b8c-9d0e-1f2a3b4c5d6e   tenant       tenant     
vu9U3hXa3q0AAAABABlidWlsdGluOnRhZ3MuYXV0by10YWdnaW5nAAZ0ZW5hbnQABnRlbmFudAAkYzNkNGU1ZjYtYTdiOC00YzlkLTBlMWYtMmEzYjRjNWQ2ZTdm         builtin:tags.auto-tagging       3.0.2     environment   Environment Tag Rule       vu9U3hXa3q0AAAABAB...   c3d4e5f6-a7b8-4c9d-0e1f-2a3b4c5d6e7f   tenant       tenant     
