[
  {
    "id": "a1b2c3d4-e5f6-4a7b-8c9d-0e1f2a3b4c5d",
    "title": "Deploy to Production",
    "owner": "7a8b9c0d-1e2f-4a3b-8c4d-5e6f7a8b9c0d",
    "ownerType": "USER",
    "description": "Deploys latest build to prod environment",
    "isPrivate": false,
    "isDeployed": true,
    "tasks": {
      "deploy": {
        "action": "dynatrace.automations:run-javascript",
        "input": {
          "script": "// deploy logic"
        }
      }
    },
    "trigger": {
      "schedule": {
        "trigger": {
          "cron": "0 9 * * 1-5",
          "type": "cron"
        }
      }
    }
  },
  {
    "id": "b2c3d4e5-f6a7-4b8c-9d0e-1f2a3b4c5d6e",
    "title": "Daily Cleanup",
    "owner": "00000000-0000-0000-0000-000000000000",
    "ownerType": "USER",
    "description": "Removes stale resources older than 30 days",
    "isPrivate": false,
    "isDeployed": true
  },
  {
    "id": "c3d4e5f6-a7b8-4c9d-0e1f-2a3b4c5d6e7f",
    "title": "Incident Response",
    "owner": "8b9c0d1e-2f3a-4b5c-6d7e-8f9a0b1c2d3e",
    "ownerType": "USER",
    "isPrivate": true
  }
]
