{
  "metadata": {
    "executionTimeMilliseconds": 47,
    "queryId": "27c4daf9-2619-4ba1-b1ad-9e276c75a351",
    "sampled": false,
    "scannedDataPoints": 0,
    "scannedRecords": 42351
  },
  "records": [
    {
      "content": "Connection timeout to database",
      "host.name": "web-server-01",
      "status": "ERROR",
      "timestamp": "2025-03-15T10:30:00Z"
    },
    {
      "content": "High memory usage detected",
      "host.name": "web-server-02",
      "status": "WARN",
      "timestamp": "2025-03-15T10:29:55Z"
    },
    {
      "content": "Request processed successfully",
      "host.name": "api-gateway",
      "status": "INFO",
      "timestamp": "2025-03-15T10:29:50Z"
    }
  ]
}
